Copyright 1986-2022 Xilinx, Inc. All Rights Reserved.
------------------------------------------------------------------------------------
| Tool Version : Vivado v.2022.2 (win64) Build 3671981 Fri Oct 14 05:00:03 MDT 2022
| Date         : Sun Mar 16 22:43:18 2025
| Host         : DESKTOP-PA1HDF7 running 64-bit major release  (build 9200)
| Command      : upgrade_ip
| Device       : xck26-sfvc784-2LV-c
------------------------------------------------------------------------------------

Upgrade Log for IP 'design_1_Compute_0_0'

1. Summary
----------

CAUTION (success, with warnings) in the upgrade of design_1_Compute_0_0 (xilinx.com:user:Compute:1.0) from (Rev. 3) to (Rev. 1)

After upgrade, an IP may have parameter and port differences compared to the original customization. Please review the parameters within the IP customization GUI to ensure proper functionality. Also, please review the updated IP instantiation template to ensure proper connectivity, and update your design if required.

2. Interface Information
------------------------

Detected external interface differences while upgrading 'design_1_Compute_0_0'.


-Upgrade has added interface 'M00_AXI' (xilinx.com:interface:aximm:1.0)


3. Connection Warnings
----------------------

Detected external port differences while upgrading 'design_1_Compute_0_0'. These changes may impact your design.


-Upgrade has added port 'm00_axi_aclk'

-Upgrade has added port 'm00_axi_araddr'

-Upgrade has added port 'm00_axi_aresetn'

-Upgrade has added port 'm00_axi_arprot'

-Upgrade has added port 'm00_axi_arready'

-Upgrade has added port 'm00_axi_arvalid'

-Upgrade has added port 'm00_axi_awaddr'

-Upgrade has added port 'm00_axi_awprot'

-Upgrade has added port 'm00_axi_awready'

-Upgrade has added port 'm00_axi_awvalid'

-Upgrade has added port 'm00_axi_bready'

-Upgrade has added port 'm00_axi_bresp'

-Upgrade has added port 'm00_axi_bvalid'

-Upgrade has added port 'm00_axi_error'

-Upgrade has added port 'm00_axi_init_axi_txn'

-Upgrade has added port 'm00_axi_rdata'

-Upgrade has added port 'm00_axi_rready'

-Upgrade has added port 'm00_axi_rresp'

-Upgrade has added port 'm00_axi_rvalid'

-Upgrade has added port 'm00_axi_txn_done'

-Upgrade has added port 'm00_axi_wdata'

-Upgrade has added port 'm00_axi_wready'

-Upgrade has added port 'm00_axi_wstrb'

-Upgrade has added port 'm00_axi_wvalid'


