Copyright 1986-2022 Xilinx, Inc. All Rights Reserved.
------------------------------------------------------------------------------------
| Tool Version : Vivado v.2022.2 (win64) Build 3671981 Fri Oct 14 05:00:03 MDT 2022
| Date         : Sun Apr  6 21:34:27 2025
| Host         : DESKTOP-PA1HDF7 running 64-bit major release  (build 9200)
| Command      : upgrade_ip
| Device       : xck26-sfvc784-2LV-c
------------------------------------------------------------------------------------

Upgrade Log for IP 'design_1_MY_IP_v1_0_S00_AXI_0_0'

1. Summary
----------

SUCCESS in the upgrade of design_1_MY_IP_v1_0_S00_AXI_0_0 (xilinx.com:user:MY_IP_v1_0_S00_AXI:1.0) from (Rev. 4) to (Rev. 5)






Copyright 1986-2022 Xilinx, Inc. All Rights Reserved.
------------------------------------------------------------------------------------
| Tool Version : Vivado v.2022.2 (win64) Build 3671981 Fri Oct 14 05:00:03 MDT 2022
| Date         : Sun Apr  6 21:33:20 2025
| Host         : DESKTOP-PA1HDF7 running 64-bit major release  (build 9200)
| Command      : upgrade_ip
| Device       : xck26-sfvc784-2LV-c
------------------------------------------------------------------------------------

Upgrade Log for IP 'design_1_MY_IP_v1_0_S00_AXI_0_0'

1. Summary
----------

SUCCESS in the upgrade of design_1_MY_IP_v1_0_S00_AXI_0_0 (xilinx.com:user:MY_IP_v1_0_S00_AXI:1.0) from (Rev. 2) to (Rev. 4)






Copyright 1986-2022 Xilinx, Inc. All Rights Reserved.
------------------------------------------------------------------------------------
| Tool Version : Vivado v.2022.2 (win64) Build 3671981 Fri Oct 14 05:00:03 MDT 2022
| Date         : Sun Apr  6 20:53:39 2025
| Host         : DESKTOP-PA1HDF7 running 64-bit major release  (build 9200)
| Command      : upgrade_ip
| Device       : xck26-sfvc784-2LV-c
------------------------------------------------------------------------------------

Upgrade Log for IP 'design_1_MY_IP_v1_0_S00_AXI_0_0'

1. Summary
----------

SUCCESS in the upgrade of design_1_MY_IP_v1_0_S00_AXI_0_0 (xilinx.com:user:MY_IP_v1_0_S00_AXI:1.0) from (Rev. 3) to (Rev. 2)






Copyright 1986-2022 Xilinx, Inc. All Rights Reserved.
------------------------------------------------------------------------------------
| Tool Version : Vivado v.2022.2 (win64) Build 3671981 Fri Oct 14 05:00:03 MDT 2022
| Date         : Sun Apr  6 20:08:18 2025
| Host         : DESKTOP-PA1HDF7 running 64-bit major release  (build 9200)
| Command      : upgrade_ip
| Device       : xck26-sfvc784-2LV-c
------------------------------------------------------------------------------------

Upgrade Log for IP 'design_1_MY_IP_v1_0_S00_AXI_0_0'

1. Summary
----------

SUCCESS in the upgrade of design_1_MY_IP_v1_0_S00_AXI_0_0 (xilinx.com:user:MY_IP_v1_0_S00_AXI:1.0) from (Rev. 2) to (Rev. 3)

