Copyright 1986-2022 Xilinx, Inc. All Rights Reserved.
---------------------------------------------------------------------------------------------------------------------------------------
| Tool Version : Vivado v.2022.2 (win64) Build 3671981 Fri Oct 14 05:00:03 MDT 2022
| Date         : Sun Apr  6 21:43:43 2025
| Host         : DESKTOP-PA1HDF7 running 64-bit major release  (build 9200)
| Command      : report_drc -file design_1_wrapper_drc_opted.rpt -pb design_1_wrapper_drc_opted.pb -rpx design_1_wrapper_drc_opted.rpx
| Design       : design_1_wrapper
| Device       : xck26-sfvc784-2LV-c
| Speed File   : -2LV
| Design State : Synthesized
---------------------------------------------------------------------------------------------------------------------------------------

Report DRC

Table of Contents
-----------------
1. REPORT SUMMARY
2. REPORT DETAILS

1. REPORT SUMMARY
-----------------
            Netlist: netlist
          Floorplan: design_1
      Design limits: <entire design considered>
           Ruledeck: default
             Max violations: <unlimited>
             Violations found: 12
+--------+----------+------------------------+------------+
| Rule   | Severity | Description            | Violations |
+--------+----------+------------------------+------------+
| DPOP-3 | Warning  | PREG Output pipelining | 6          |
| DPOP-4 | Warning  | MREG Output pipelining | 6          |
+--------+----------+------------------------+------------+

2. REPORT DETAILS
-----------------
DPOP-3#1 Warning
PREG Output pipelining  
DSP design_1_i/MY_IP_v1_0_S00_AXI_0/inst/matrix33_inst/fmul_32ns_32ns_32_2_max_dsp_1_U3/dout_i output design_1_i/MY_IP_v1_0_S00_AXI_0/inst/matrix33_inst/fmul_32ns_32ns_32_2_max_dsp_1_U3/dout_i/P[47:0] is not pipelined (PREG=0). Pipelining the DSP48 output will improve performance and often saves power so it is suggested whenever possible to fully pipeline this function.  If this DSP48 function was inferred, it is suggested to describe an additional register stage after this function.  If the DSP48 was instantiated in the design, it is suggested to set the PREG attribute to 1.
Related violations: <none>

DPOP-3#2 Warning
PREG Output pipelining  
DSP design_1_i/MY_IP_v1_0_S00_AXI_0/inst/matrix33_inst/fmul_32ns_32ns_32_2_max_dsp_1_U3/dout_i__0 output design_1_i/MY_IP_v1_0_S00_AXI_0/inst/matrix33_inst/fmul_32ns_32ns_32_2_max_dsp_1_U3/dout_i__0/P[47:0] is not pipelined (PREG=0). Pipelining the DSP48 output will improve performance and often saves power so it is suggested whenever possible to fully pipeline this function.  If this DSP48 function was inferred, it is suggested to describe an additional register stage after this function.  If the DSP48 was instantiated in the design, it is suggested to set the PREG attribute to 1.
Related violations: <none>

DPOP-3#3 Warning
PREG Output pipelining  
DSP design_1_i/MY_IP_v1_0_S00_AXI_0/inst/matrix33_inst/fmul_32ns_32ns_32_2_max_dsp_1_U3/dout_i__1 output design_1_i/MY_IP_v1_0_S00_AXI_0/inst/matrix33_inst/fmul_32ns_32ns_32_2_max_dsp_1_U3/dout_i__1/P[47:0] is not pipelined (PREG=0). Pipelining the DSP48 output will improve performance and often saves power so it is suggested whenever possible to fully pipeline this function.  If this DSP48 function was inferred, it is suggested to describe an additional register stage after this function.  If the DSP48 was instantiated in the design, it is suggested to set the PREG attribute to 1.
Related violations: <none>

DPOP-3#4 Warning
PREG Output pipelining  
DSP design_1_i/MY_IP_v1_0_S00_AXI_0/inst/matrix33_inst/fmul_32ns_32ns_32_2_max_dsp_1_U4/dout_i output design_1_i/MY_IP_v1_0_S00_AXI_0/inst/matrix33_inst/fmul_32ns_32ns_32_2_max_dsp_1_U4/dout_i/P[47:0] is not pipelined (PREG=0). Pipelining the DSP48 output will improve performance and often saves power so it is suggested whenever possible to fully pipeline this function.  If this DSP48 function was inferred, it is suggested to describe an additional register stage after this function.  If the DSP48 was instantiated in the design, it is suggested to set the PREG attribute to 1.
Related violations: <none>

DPOP-3#5 Warning
PREG Output pipelining  
DSP design_1_i/MY_IP_v1_0_S00_AXI_0/inst/matrix33_inst/fmul_32ns_32ns_32_2_max_dsp_1_U4/dout_i__0 output design_1_i/MY_IP_v1_0_S00_AXI_0/inst/matrix33_inst/fmul_32ns_32ns_32_2_max_dsp_1_U4/dout_i__0/P[47:0] is not pipelined (PREG=0). Pipelining the DSP48 output will improve performance and often saves power so it is suggested whenever possible to fully pipeline this function.  If this DSP48 function was inferred, it is suggested to describe an additional register stage after this function.  If the DSP48 was instantiated in the design, it is suggested to set the PREG attribute to 1.
Related violations: <none>

DPOP-3#6 Warning
PREG Output pipelining  
DSP design_1_i/MY_IP_v1_0_S00_AXI_0/inst/matrix33_inst/fmul_32ns_32ns_32_2_max_dsp_1_U4/dout_i__1 output design_1_i/MY_IP_v1_0_S00_AXI_0/inst/matrix33_inst/fmul_32ns_32ns_32_2_max_dsp_1_U4/dout_i__1/P[47:0] is not pipelined (PREG=0). Pipelining the DSP48 output will improve performance and often saves power so it is suggested whenever possible to fully pipeline this function.  If this DSP48 function was inferred, it is suggested to describe an additional register stage after this function.  If the DSP48 was instantiated in the design, it is suggested to set the PREG attribute to 1.
Related violations: <none>

DPOP-4#1 Warning
MREG Output pipelining  
DSP design_1_i/MY_IP_v1_0_S00_AXI_0/inst/matrix33_inst/fmul_32ns_32ns_32_2_max_dsp_1_U3/dout_i multiplier stage design_1_i/MY_IP_v1_0_S00_AXI_0/inst/matrix33_inst/fmul_32ns_32ns_32_2_max_dsp_1_U3/dout_i/P[47:0] is not pipelined (MREG=0). Pipelining the multiplier function will improve performance and will save significant power so it is suggested whenever possible to fully pipeline this function.  If this multiplier was inferred, it is suggested to describe an additional register stage after this function.  If there is no registered adder/accumulator following the multiply function, two pipeline stages are suggested to allow both the MREG and PREG registers to be used.  If the DSP48 was instantiated in the design, it is suggested to set both the MREG and PREG attributes to 1 when performing multiply functions.
Related violations: <none>

DPOP-4#2 Warning
MREG Output pipelining  
DSP design_1_i/MY_IP_v1_0_S00_AXI_0/inst/matrix33_inst/fmul_32ns_32ns_32_2_max_dsp_1_U3/dout_i__0 multiplier stage design_1_i/MY_IP_v1_0_S00_AXI_0/inst/matrix33_inst/fmul_32ns_32ns_32_2_max_dsp_1_U3/dout_i__0/P[47:0] is not pipelined (MREG=0). Pipelining the multiplier function will improve performance and will save significant power so it is suggested whenever possible to fully pipeline this function.  If this multiplier was inferred, it is suggested to describe an additional register stage after this function.  If there is no registered adder/accumulator following the multiply function, two pipeline stages are suggested to allow both the MREG and PREG registers to be used.  If the DSP48 was instantiated in the design, it is suggested to set both the MREG and PREG attributes to 1 when performing multiply functions.
Related violations: <none>

DPOP-4#3 Warning
MREG Output pipelining  
DSP design_1_i/MY_IP_v1_0_S00_AXI_0/inst/matrix33_inst/fmul_32ns_32ns_32_2_max_dsp_1_U3/dout_i__1 multiplier stage design_1_i/MY_IP_v1_0_S00_AXI_0/inst/matrix33_inst/fmul_32ns_32ns_32_2_max_dsp_1_U3/dout_i__1/P[47:0] is not pipelined (MREG=0). Pipelining the multiplier function will improve performance and will save significant power so it is suggested whenever possible to fully pipeline this function.  If this multiplier was inferred, it is suggested to describe an additional register stage after this function.  If there is no registered adder/accumulator following the multiply function, two pipeline stages are suggested to allow both the MREG and PREG registers to be used.  If the DSP48 was instantiated in the design, it is suggested to set both the MREG and PREG attributes to 1 when performing multiply functions.
Related violations: <none>

DPOP-4#4 Warning
MREG Output pipelining  
DSP design_1_i/MY_IP_v1_0_S00_AXI_0/inst/matrix33_inst/fmul_32ns_32ns_32_2_max_dsp_1_U4/dout_i multiplier stage design_1_i/MY_IP_v1_0_S00_AXI_0/inst/matrix33_inst/fmul_32ns_32ns_32_2_max_dsp_1_U4/dout_i/P[47:0] is not pipelined (MREG=0). Pipelining the multiplier function will improve performance and will save significant power so it is suggested whenever possible to fully pipeline this function.  If this multiplier was inferred, it is suggested to describe an additional register stage after this function.  If there is no registered adder/accumulator following the multiply function, two pipeline stages are suggested to allow both the MREG and PREG registers to be used.  If the DSP48 was instantiated in the design, it is suggested to set both the MREG and PREG attributes to 1 when performing multiply functions.
Related violations: <none>

DPOP-4#5 Warning
MREG Output pipelining  
DSP design_1_i/MY_IP_v1_0_S00_AXI_0/inst/matrix33_inst/fmul_32ns_32ns_32_2_max_dsp_1_U4/dout_i__0 multiplier stage design_1_i/MY_IP_v1_0_S00_AXI_0/inst/matrix33_inst/fmul_32ns_32ns_32_2_max_dsp_1_U4/dout_i__0/P[47:0] is not pipelined (MREG=0). Pipelining the multiplier function will improve performance and will save significant power so it is suggested whenever possible to fully pipeline this function.  If this multiplier was inferred, it is suggested to describe an additional register stage after this function.  If there is no registered adder/accumulator following the multiply function, two pipeline stages are suggested to allow both the MREG and PREG registers to be used.  If the DSP48 was instantiated in the design, it is suggested to set both the MREG and PREG attributes to 1 when performing multiply functions.
Related violations: <none>

DPOP-4#6 Warning
MREG Output pipelining  
DSP design_1_i/MY_IP_v1_0_S00_AXI_0/inst/matrix33_inst/fmul_32ns_32ns_32_2_max_dsp_1_U4/dout_i__1 multiplier stage design_1_i/MY_IP_v1_0_S00_AXI_0/inst/matrix33_inst/fmul_32ns_32ns_32_2_max_dsp_1_U4/dout_i__1/P[47:0] is not pipelined (MREG=0). Pipelining the multiplier function will improve performance and will save significant power so it is suggested whenever possible to fully pipeline this function.  If this multiplier was inferred, it is suggested to describe an additional register stage after this function.  If there is no registered adder/accumulator following the multiply function, two pipeline stages are suggested to allow both the MREG and PREG registers to be used.  If the DSP48 was instantiated in the design, it is suggested to set both the MREG and PREG attributes to 1 when performing multiply functions.
Related violations: <none>


