Duplicated file found; will not be sent for synthesis: f:/Repository/Vivado/SoC/Multiplier_matrix_IP/Multiplier_matrix_IP.gen/sources_1/bd/design_1/ipshared/25a8/hdl/blk_mem_gen_v8_4_vhsyn_rfs.vhd
Duplicated file found; will not be sent for synthesis: f:/Repository/Vivado/SoC/Multiplier_matrix_IP/Multiplier_matrix_IP.gen/sources_1/bd/design_1/ipshared/25a8/hdl/blk_mem_gen_v8_4_vhsyn_rfs.vhd
Duplicated file found; will not be sent for synthesis: f:/Repository/Vivado/SoC/Multiplier_matrix_IP/Multiplier_matrix_IP.gen/sources_1/bd/design_1/ipshared/25a8/hdl/blk_mem_gen_v8_4_vhsyn_rfs.vhd
Duplicated file found; will not be sent for synthesis: f:/Repository/Vivado/SoC/Multiplier_matrix_IP/Multiplier_matrix_IP.gen/sources_1/bd/design_1/ipshared/b752/hdl/generic_baseblocks_v2_1_vl_rfs.v
Duplicated file found; will not be sent for synthesis: f:/Repository/Vivado/SoC/Multiplier_matrix_IP/Multiplier_matrix_IP.gen/sources_1/bd/design_1/ipshared/25a8/hdl/blk_mem_gen_v8_4_vhsyn_rfs.vhd
Duplicated file found; will not be sent for synthesis: f:/Repository/Vivado/SoC/Multiplier_matrix_IP/Multiplier_matrix_IP.gen/sources_1/bd/design_1/ipshared/83df/hdl/fifo_generator_v13_2_vhsyn_rfs.vhd
Duplicated file found; will not be sent for synthesis: f:/Repository/Vivado/SoC/Multiplier_matrix_IP/Multiplier_matrix_IP.gen/sources_1/bd/design_1/ipshared/3111/hdl/axi_data_fifo_v2_1_vl_rfs.v
Duplicated file found; will not be sent for synthesis: f:/Repository/Vivado/SoC/Multiplier_matrix_IP/Multiplier_matrix_IP.gen/sources_1/bd/design_1/ipshared/ec67/hdl/axi_infrastructure_v1_1_0.vh
Duplicated file found; will not be sent for synthesis: f:/Repository/Vivado/SoC/Multiplier_matrix_IP/Multiplier_matrix_IP.gen/sources_1/bd/design_1/ipshared/ec67/hdl/axi_infrastructure_v1_1_vl_rfs.v
Duplicated file found; will not be sent for synthesis: f:/Repository/Vivado/SoC/Multiplier_matrix_IP/Multiplier_matrix_IP.gen/sources_1/bd/design_1/ipshared/f0b4/hdl/axi_register_slice_v2_1_vl_rfs.v
Duplicated file found; will not be sent for synthesis: f:/Repository/Vivado/SoC/Multiplier_matrix_IP/Multiplier_matrix_IP.gen/sources_1/bd/design_1/ipshared/b752/hdl/generic_baseblocks_v2_1_vl_rfs.v
Duplicated file found; will not be sent for synthesis: f:/Repository/Vivado/SoC/Multiplier_matrix_IP/Multiplier_matrix_IP.gen/sources_1/bd/design_1/ipshared/25a8/hdl/blk_mem_gen_v8_4_vhsyn_rfs.vhd
Duplicated file found; will not be sent for synthesis: f:/Repository/Vivado/SoC/Multiplier_matrix_IP/Multiplier_matrix_IP.gen/sources_1/bd/design_1/ipshared/83df/hdl/fifo_generator_v13_2_vhsyn_rfs.vhd
Duplicated file found; will not be sent for synthesis: f:/Repository/Vivado/SoC/Multiplier_matrix_IP/Multiplier_matrix_IP.gen/sources_1/bd/design_1/ipshared/3111/hdl/axi_data_fifo_v2_1_vl_rfs.v
Duplicated file found; will not be sent for synthesis: f:/Repository/Vivado/SoC/Multiplier_matrix_IP/Multiplier_matrix_IP.gen/sources_1/bd/design_1/ipshared/ec67/hdl/axi_infrastructure_v1_1_0.vh
Duplicated file found; will not be sent for synthesis: f:/Repository/Vivado/SoC/Multiplier_matrix_IP/Multiplier_matrix_IP.gen/sources_1/bd/design_1/ipshared/ec67/hdl/axi_infrastructure_v1_1_vl_rfs.v
Duplicated file found; will not be sent for synthesis: f:/Repository/Vivado/SoC/Multiplier_matrix_IP/Multiplier_matrix_IP.gen/sources_1/bd/design_1/ipshared/f0b4/hdl/axi_register_slice_v2_1_vl_rfs.v
Duplicated file found; will not be sent for synthesis: f:/Repository/Vivado/SoC/Multiplier_matrix_IP/Multiplier_matrix_IP.gen/sources_1/bd/design_1/ipshared/aeb3/hdl/axi_protocol_converter_v2_1_vl_rfs.v
Duplicated file found; will not be sent for synthesis: f:/Repository/Vivado/SoC/Multiplier_matrix_IP/Multiplier_matrix_IP.gen/sources_1/bd/design_1/ipshared/b752/hdl/generic_baseblocks_v2_1_vl_rfs.v
Duplicated file found; will not be sent for synthesis: f:/Repository/Vivado/SoC/Multiplier_matrix_IP/Multiplier_matrix_IP.gen/sources_1/bd/design_1/ipshared/25a8/hdl/blk_mem_gen_v8_4_vhsyn_rfs.vhd
Duplicated file found; will not be sent for synthesis: f:/Repository/Vivado/SoC/Multiplier_matrix_IP/Multiplier_matrix_IP.gen/sources_1/bd/design_1/ipshared/83df/hdl/fifo_generator_v13_2_vhsyn_rfs.vhd
Duplicated file found; will not be sent for synthesis: f:/Repository/Vivado/SoC/Multiplier_matrix_IP/Multiplier_matrix_IP.gen/sources_1/bd/design_1/ipshared/3111/hdl/axi_data_fifo_v2_1_vl_rfs.v
Duplicated file found; will not be sent for synthesis: f:/Repository/Vivado/SoC/Multiplier_matrix_IP/Multiplier_matrix_IP.gen/sources_1/bd/design_1/ipshared/ec67/hdl/axi_infrastructure_v1_1_0.vh
Duplicated file found; will not be sent for synthesis: f:/Repository/Vivado/SoC/Multiplier_matrix_IP/Multiplier_matrix_IP.gen/sources_1/bd/design_1/ipshared/ec67/hdl/axi_infrastructure_v1_1_vl_rfs.v
Duplicated file found; will not be sent for synthesis: f:/Repository/Vivado/SoC/Multiplier_matrix_IP/Multiplier_matrix_IP.gen/sources_1/bd/design_1/ipshared/f0b4/hdl/axi_register_slice_v2_1_vl_rfs.v
Duplicated file found; will not be sent for synthesis: f:/Repository/Vivado/SoC/Multiplier_matrix_IP/Multiplier_matrix_IP.gen/sources_1/bd/design_1/ipshared/aeb3/hdl/axi_protocol_converter_v2_1_vl_rfs.v
Duplicated file found; will not be sent for synthesis: f:/Repository/Vivado/SoC/Multiplier_matrix_IP/Multiplier_matrix_IP.gen/sources_1/bd/design_1/ipshared/b8be/hdl/axi_clock_converter_v2_1_vl_rfs.v
Duplicated file found; will not be sent for synthesis: f:/Repository/Vivado/SoC/Multiplier_matrix_IP/Multiplier_matrix_IP.gen/sources_1/bd/design_1/ipshared/4675/hdl/axi_dwidth_converter_v2_1_vlsyn_rfs.v
Duplicated file found; will not be sent for synthesis: f:/Repository/Vivado/SoC/Multiplier_matrix_IP/Multiplier_matrix_IP.gen/sources_1/bd/design_1/ipshared/b752/hdl/generic_baseblocks_v2_1_vl_rfs.v
Duplicated file found; will not be sent for synthesis: f:/Repository/Vivado/SoC/Multiplier_matrix_IP/Multiplier_matrix_IP.gen/sources_1/bd/design_1/ipshared/25a8/hdl/blk_mem_gen_v8_4_vhsyn_rfs.vhd
Duplicated file found; will not be sent for synthesis: f:/Repository/Vivado/SoC/Multiplier_matrix_IP/Multiplier_matrix_IP.gen/sources_1/bd/design_1/ipshared/83df/hdl/fifo_generator_v13_2_vhsyn_rfs.vhd
Duplicated file found; will not be sent for synthesis: f:/Repository/Vivado/SoC/Multiplier_matrix_IP/Multiplier_matrix_IP.gen/sources_1/bd/design_1/ipshared/3111/hdl/axi_data_fifo_v2_1_vl_rfs.v
Duplicated file found; will not be sent for synthesis: f:/Repository/Vivado/SoC/Multiplier_matrix_IP/Multiplier_matrix_IP.gen/sources_1/bd/design_1/ipshared/ec67/hdl/axi_infrastructure_v1_1_0.vh
Duplicated file found; will not be sent for synthesis: f:/Repository/Vivado/SoC/Multiplier_matrix_IP/Multiplier_matrix_IP.gen/sources_1/bd/design_1/ipshared/ec67/hdl/axi_infrastructure_v1_1_vl_rfs.v
Duplicated file found; will not be sent for synthesis: f:/Repository/Vivado/SoC/Multiplier_matrix_IP/Multiplier_matrix_IP.gen/sources_1/bd/design_1/ipshared/f0b4/hdl/axi_register_slice_v2_1_vl_rfs.v
Duplicated file found; will not be sent for synthesis: f:/Repository/Vivado/SoC/Multiplier_matrix_IP/Multiplier_matrix_IP.gen/sources_1/bd/design_1/ipshared/aeb3/hdl/axi_protocol_converter_v2_1_vl_rfs.v
Duplicated file found; will not be sent for synthesis: f:/Repository/Vivado/SoC/Multiplier_matrix_IP/Multiplier_matrix_IP.gen/sources_1/bd/design_1/ipshared/b8be/hdl/axi_clock_converter_v2_1_vl_rfs.v
Duplicated file found; will not be sent for synthesis: f:/Repository/Vivado/SoC/Multiplier_matrix_IP/Multiplier_matrix_IP.gen/sources_1/bd/design_1/ipshared/4675/hdl/axi_dwidth_converter_v2_1_vlsyn_rfs.v
Duplicated file found; will not be sent for synthesis: f:/Repository/Vivado/SoC/Multiplier_matrix_IP/Multiplier_matrix_IP.gen/sources_1/bd/design_1/ipshared/b752/hdl/generic_baseblocks_v2_1_vl_rfs.v
Duplicated file found; will not be sent for synthesis: f:/Repository/Vivado/SoC/Multiplier_matrix_IP/Multiplier_matrix_IP.gen/sources_1/bd/design_1/ipshared/25a8/hdl/blk_mem_gen_v8_4_vhsyn_rfs.vhd
Duplicated file found; will not be sent for synthesis: f:/Repository/Vivado/SoC/Multiplier_matrix_IP/Multiplier_matrix_IP.gen/sources_1/bd/design_1/ipshared/83df/hdl/fifo_generator_v13_2_vhsyn_rfs.vhd
Duplicated file found; will not be sent for synthesis: f:/Repository/Vivado/SoC/Multiplier_matrix_IP/Multiplier_matrix_IP.gen/sources_1/bd/design_1/ipshared/3111/hdl/axi_data_fifo_v2_1_vl_rfs.v
Duplicated file found; will not be sent for synthesis: f:/Repository/Vivado/SoC/Multiplier_matrix_IP/Multiplier_matrix_IP.gen/sources_1/bd/design_1/ipshared/ec67/hdl/axi_infrastructure_v1_1_0.vh
Duplicated file found; will not be sent for synthesis: f:/Repository/Vivado/SoC/Multiplier_matrix_IP/Multiplier_matrix_IP.gen/sources_1/bd/design_1/ipshared/ec67/hdl/axi_infrastructure_v1_1_vl_rfs.v
Duplicated file found; will not be sent for synthesis: f:/Repository/Vivado/SoC/Multiplier_matrix_IP/Multiplier_matrix_IP.gen/sources_1/bd/design_1/ipshared/f0b4/hdl/axi_register_slice_v2_1_vl_rfs.v
Duplicated file found; will not be sent for synthesis: f:/Repository/Vivado/SoC/Multiplier_matrix_IP/Multiplier_matrix_IP.gen/sources_1/bd/design_1/ipshared/aeb3/hdl/axi_protocol_converter_v2_1_vl_rfs.v
Duplicated file found; will not be sent for synthesis: f:/Repository/Vivado/SoC/Multiplier_matrix_IP/Multiplier_matrix_IP.gen/sources_1/bd/design_1/ipshared/b8be/hdl/axi_clock_converter_v2_1_vl_rfs.v
Duplicated file found; will not be sent for synthesis: f:/Repository/Vivado/SoC/Multiplier_matrix_IP/Multiplier_matrix_IP.gen/sources_1/bd/design_1/ipshared/4675/hdl/axi_dwidth_converter_v2_1_vlsyn_rfs.v
Duplicated file found; will not be sent for synthesis: f:/Repository/Vivado/SoC/Multiplier_matrix_IP/Multiplier_matrix_IP.gen/sources_1/bd/design_1/ipshared/f80b/hdl/axi_bram_ctrl_v4_1_rfs.vhd
Duplicated file found; will not be sent for synthesis: f:/Repository/Vivado/SoC/Multiplier_matrix_IP/Multiplier_matrix_IP.gen/sources_1/bd/design_1/ipshared/f80b/hdl/axi_bram_ctrl_v4_1_rfs.vhd
CRC performance measure: elapsed=00:00:00.003s;;memory_peak=1468.973MB;;memory_gain=0.000MB
